importing exercism/javascript ...

==================================================================
  IMPORT SUMMARY - exercism/javascript
==================================================================
  network: 173 fetched, 3 from cache
  concept exercises in syllabus : 29
  floors built                  : 10  (exercises per floor: 2, 3, 3, 3, 3, 3, 3, 3, 3, 3)

  IMPORTED
    lesson sections             : 39
    practice challenges         : 0
    test cases                  : 0
    test methods read           : 0 of 0 had usable cases

  NEEDS MANUAL WORK
    exam questions              : 0 imported, 10 floors need 8-12 each
    asserts not parsed          : 0 (left as TODO, never guessed)
    floors under 6 practice     : 10
    floors under 2 sections     : 0
    prompts still TODO          : 0 of 0
    explain fields to write     : 0
    total _todo entries         : 49

  PER FLOOR
     1. Threshold of Syntax        3 sections   0 practice   0 cases  basics,booleans
     2. Hall of Branching Paths    4 sections   0 practice   0 cases  arithmetic-operators,arrays,number
     3. The Bound Sigil            4 sections   0 practice   0 cases  comparison,conditionals,conditiona
     4. Vault of Collections       4 sections   0 practice   0 cases  null-undefined,objects,type-conver
     5. Chamber of Forms           4 sections   0 practice   0 cases  array-analysis,arrow-functions,cal
     6. The Iterating Spiral       4 sections   0 practice   0 cases  array-destructuring,array-loops,ob
     7. Sanctum of Structure       4 sections   0 practice   0 cases  array-transformations,closures,rec
     8. The Warded Gate            4 sections   0 practice   0 cases  classes,conditionals-ternary,error
     9. Depths of Abstraction      4 sections   0 practice   0 cases  promises,regular-expressions,sets
    10. The Archmage's Trial       4 sections   0 practice   0 cases  dates,randomness,type-checking

  wrote content\javascript.json
  wrote syllabi\javascript.md
  next: python scripts/validate_content.py javascript
==================================================================
