importing exercism/elixir ...

==================================================================
  IMPORT SUMMARY - exercism/elixir
==================================================================
  network: 251 fetched, 3 from cache
  concept exercises in syllabus : 42
  floors built                  : 14  (exercises per floor: 3, 3, 3, 3, 3, 3, 3, 3, 3, 3, 3, 3, 3, 3)

  IMPORTED
    lesson sections             : 52
    practice challenges         : 0
    test cases                  : 0
    test methods read           : 0 of 0 had usable cases

  NEEDS MANUAL WORK
    exam questions              : 0 imported, 14 floors need 8-12 each
    asserts not parsed          : 0 (left as TODO, never guessed)
    floors under 6 practice     : 14
    floors under 2 sections     : 0
    prompts still TODO          : 0 of 0
    explain fields to write     : 0
    total _todo entries         : 70

  PER FLOOR
     1. Threshold of Syntax        4 sections   0 practice   0 cases  basics,booleans,floating-point-num
     2. Hall of Branching Paths    4 sections   0 practice   0 cases  anonymous-functions,atoms,bit-mani
     3. The Bound Sigil            4 sections   0 practice   0 cases  default-arguments,guards,multiple-
     4. Vault of Collections       4 sections   0 practice   0 cases  docs,maps,module-attributes-as-con
     5. Chamber of Forms           4 sections   0 practice   0 cases  case,charlists,if,io,nil
     6. The Iterating Spiral       4 sections   0 practice   0 cases  bitstrings,keyword-lists,pids,proc
     7. Sanctum of Structure       3 sections   0 practice   0 cases  access-behaviour,dates-and-time,ta
     8. The Warded Gate            3 sections   0 practice   0 cases  binaries,enum,file
     9. Depths of Abstraction      3 sections   0 practice   0 cases  list-comprehensions,ranges,structs
    10. The Archmage's Trial       4 sections   0 practice   0 cases  agent,erlang-libraries,protocols,r
    11. Floor 11                   4 sections   0 practice   0 cases  alias,errors,exceptions,import,try
    12. Floor 12                   4 sections   0 practice   0 cases  dynamic-dispatch,links,streams,tas
    13. Floor 13                   4 sections   0 practice   0 cases  ast,behaviours,use,with
    14. Floor 14                   3 sections   0 practice   0 cases  genserver,mapsets,regular-expressi

  wrote content\elixir.json
  wrote syllabi\elixir.md
  next: python scripts/validate_content.py elixir
==================================================================

