importing exercism/go ...

==================================================================
  IMPORT SUMMARY - exercism/go
==================================================================
  network: 169 fetched, 1 from cache
  concept exercises in syllabus : 28
  floors built                  : 9  (exercises per floor: 3, 3, 3, 3, 3, 3, 3, 3, 4)

  IMPORTED
    lesson sections             : 36
    practice challenges         : 0
    test cases                  : 0
    test methods read           : 0 of 0 had usable cases

  NEEDS MANUAL WORK
    exam questions              : 0 imported, 9 floors need 8-12 each
    asserts not parsed          : 0 (left as TODO, never guessed)
    floors under 6 practice     : 9
    floors under 2 sections     : 0
    prompts still TODO          : 0 of 0
    explain fields to write     : 0
    total _todo entries         : 46

  PER FLOOR
     1. Threshold of Syntax        4 sections   0 practice   0 cases  arithmetic-operators,basics,boolea
     2. Hall of Branching Paths    4 sections   0 practice   0 cases  comments,packages,string-formattin
     3. The Bound Sigil            4 sections   0 practice   0 cases  comparison,conditionals-if,conditi
     4. Vault of Collections       4 sections   0 practice   0 cases  for-loops,functions,maps
     5. Chamber of Forms           4 sections   0 practice   0 cases  constants,range-iteration,structs,
     6. The Iterating Spiral       4 sections   0 practice   0 cases  methods,pointers,time
     7. Sanctum of Structure       4 sections   0 practice   0 cases  interfaces,runes,type-assertion,ty
     8. The Warded Gate            4 sections   0 practice   0 cases  errors,floating-point-numbers,zero
     9. Depths of Abstraction      4 sections   0 practice   0 cases  first-class-functions,randomness,r

  wrote content\go.json
  wrote syllabi\go.md
  next: python scripts/validate_content.py go
==================================================================
