importing exercism/haskell ...

==================================================================
  IMPORT SUMMARY - exercism/haskell
==================================================================
  network: 0 fetched, 44 from cache
  concept exercises in syllabus : 7
  floors built                  : 2  (exercises per floor: 3, 4)

  IMPORTED
    lesson sections             : 8
    practice challenges         : 0
    test cases                  : 0
    test methods read           : 0 of 0 had usable cases

  NEEDS MANUAL WORK
    exam questions              : 0 imported, 2 floors need 8-12 each
    asserts not parsed          : 0 (left as TODO, never guessed)
    floors under 6 practice     : 2
    floors under 2 sections     : 0
    prompts still TODO          : 0 of 0
    explain fields to write     : 0
    total _todo entries         : 11

  PER FLOOR
     1. Threshold of Syntax        4 sections   0 practice   0 cases  basics,lists,numbers
     2. Hall of Branching Paths    4 sections   0 practice   0 cases  algebraic-data-types,booleans,patt

  wrote content\haskell.json
  wrote syllabi\haskell.md
  next: python scripts/validate_content.py haskell
==================================================================
