importing exercism/lua ...

==================================================================
  IMPORT SUMMARY - exercism/lua
==================================================================
  network: 0 fetched, 20 from cache
  concept exercises in syllabus : 3
  floors built                  : 1  (exercises per floor: 3)

  IMPORTED
    lesson sections             : 3
    practice challenges         : 0
    test cases                  : 0
    test methods read           : 0 of 0 had usable cases

  NEEDS MANUAL WORK
    exam questions              : 0 imported, 1 floors need 8-12 each
    asserts not parsed          : 0 (left as TODO, never guessed)
    floors under 6 practice     : 1
    floors under 2 sections     : 0
    prompts still TODO          : 0 of 0
    explain fields to write     : 0
    total _todo entries         : 5

  PER FLOOR
     1. Threshold of Syntax        3 sections   0 practice   0 cases  basics,booleans,numbers

  wrote content\lua.json
  wrote syllabi\lua.md
  next: python scripts/validate_content.py lua
==================================================================
