importing exercism/csharp ...

==================================================================
  IMPORT SUMMARY - exercism/csharp
==================================================================
  network: 70 fetched, 184 from cache
  concept exercises in syllabus : 42
  floors built                  : 14  (exercises per floor: 3, 3, 3, 3, 3, 3, 3, 3, 3, 3, 3, 3, 3, 3)

  IMPORTED
    lesson sections             : 51
    practice challenges         : 0
    test cases                  : 0
    test methods read           : 0 of 0 had usable cases

  NEEDS MANUAL WORK
    exam questions              : 0 imported, 14 floors need 8-12 each
    asserts not parsed          : 0 (left as TODO, never guessed)
    floors under 6 practice     : 14
    floors under 2 sections     : 0
    prompts still TODO          : 0 of 0
    explain fields to write     : 0
    total _todo entries         : 70

  PER FLOOR
     1. Threshold of Syntax        4 sections   0 practice   0 cases  basics,booleans,if-statements,numb
     2. Hall of Branching Paths    4 sections   0 practice   0 cases  arrays,classes,for-loops,foreach-l
     3. The Bound Sigil            4 sections   0 practice   0 cases  constructors,do-while-loops,floati
     4. Vault of Collections       3 sections   0 practice   0 cases  exceptions,nullability,switch-stat
     5. Chamber of Forms           4 sections   0 practice   0 cases  casting,chars,generic-types,lists,
     6. The Iterating Spiral       3 sections   0 practice   0 cases  dictionaries,enums,properties
     7. Sanctum of Structure       4 sections   0 practice   0 cases  equality,integral-numbers,interfac
     8. The Warded Gate            3 sections   0 practice   0 cases  nested-types,object-initializers,s
     9. Depths of Abstraction      4 sections   0 practice   0 cases  constants,datetimes,defensive-copy
    10. The Archmage's Trial       4 sections   0 practice   0 cases  attributes,flag-enums,method-overl
    11. Floor 11                   3 sections   0 practice   0 cases  operator-overloading,overflow,para
    12. Floor 12                   4 sections   0 practice   0 cases  randomness,string-formatting,time,
    13. Floor 13                   3 sections   0 practice   0 cases  regular-expressions,resource-clean
    14. Floor 14                   4 sections   0 practice   0 cases  exception-filtering,extension-meth

  wrote content\csharp.json
  wrote syllabi\csharp.md
  next: python scripts/validate_content.py csharp
==================================================================
