importing exercism/ruby ...

==================================================================
  IMPORT SUMMARY - exercism/ruby
==================================================================
  network: 0 fetched, 98 from cache
  concept exercises in syllabus : 16
  floors built                  : 5  (exercises per floor: 3, 3, 3, 3, 4)

  IMPORTED
    lesson sections             : 20
    practice challenges         : 0
    test cases                  : 0
    test methods read           : 0 of 0 had usable cases

  NEEDS MANUAL WORK
    exam questions              : 0 imported, 5 floors need 8-12 each
    asserts not parsed          : 0 (left as TODO, never guessed)
    floors under 6 practice     : 5
    floors under 2 sections     : 0
    prompts still TODO          : 0 of 0
    explain fields to write     : 0
    total _todo entries         : 26

  PER FLOOR
     1. Threshold of Syntax        4 sections   0 practice   0 cases  basics,booleans,instance-variables
     2. Hall of Branching Paths    4 sections   0 practice   0 cases  conditionals,floating-point-number
     3. The Bound Sigil            4 sections   0 practice   0 cases  case,ranges,symbols
     4. Vault of Collections       4 sections   0 practice   0 cases  advanced-enumeration,arrays,enumer
     5. Chamber of Forms           4 sections   0 practice   0 cases  exceptions,multiple-assignment-and

  wrote content\ruby.json
  wrote syllabi\ruby.md
  next: python scripts/validate_content.py ruby
==================================================================
