importing exercism/rust ...

==================================================================
  IMPORT SUMMARY - exercism/rust
==================================================================
  network: 0 fetched, 68 from cache
  concept exercises in syllabus : 11
  floors built                  : 4  (exercises per floor: 2, 3, 3, 3)

  IMPORTED
    lesson sections             : 15
    practice challenges         : 0
    test cases                  : 0
    test methods read           : 0 of 0 had usable cases

  NEEDS MANUAL WORK
    exam questions              : 0 imported, 4 floors need 8-12 each
    asserts not parsed          : 0 (left as TODO, never guessed)
    floors under 6 practice     : 4
    floors under 2 sections     : 0
    prompts still TODO          : 0 of 0
    explain fields to write     : 0
    total _todo entries         : 19

  PER FLOOR
     1. Threshold of Syntax        4 sections   0 practice   0 cases  floating-point-numbers,functions,i
     2. Hall of Branching Paths    4 sections   0 practice   0 cases  destructuring,methods,option,struc
     3. The Bound Sigil            3 sections   0 practice   0 cases  entry-api,enums,external-crates
     4. Vault of Collections       4 sections   0 practice   0 cases  string-vs-str,vec-macro,vec-stack

  wrote content\rust.json
  wrote syllabi\rust.md
  next: python scripts/validate_content.py rust
==================================================================
