importing exercism/bash ...

==================================================================
  IMPORT SUMMARY - exercism/bash
==================================================================
  network: 0 fetched, 2 from cache
  concept exercises in syllabus : 0
  floors built                  : 0  (exercises per floor: )

  IMPORTED
    lesson sections             : 0
    practice challenges         : 0
    test cases                  : 0
    test methods read           : 0 of 0 had usable cases

  NEEDS MANUAL WORK
    exam questions              : 0 imported, 0 floors need 8-12 each
    asserts not parsed          : 0 (left as TODO, never guessed)
    floors under 6 practice     : 0
    floors under 2 sections     : 0
    prompts still TODO          : 0 of 0
    explain fields to write     : 0
    total _todo entries         : 0

  PER FLOOR

  wrote content\bash.json
  wrote syllabi\bash.md
  next: python scripts/validate_content.py bash
==================================================================
