importing exercism/cpp ...

==================================================================
  IMPORT SUMMARY - exercism/cpp
==================================================================
  network: 0 fetched, 92 from cache
  concept exercises in syllabus : 15
  floors built                  : 5  (exercises per floor: 3, 3, 3, 3, 3)

  IMPORTED
    lesson sections             : 19
    practice challenges         : 0
    test cases                  : 0
    test methods read           : 0 of 0 had usable cases

  NEEDS MANUAL WORK
    exam questions              : 0 imported, 5 floors need 8-12 each
    asserts not parsed          : 0 (left as TODO, never guessed)
    floors under 6 practice     : 5
    floors under 2 sections     : 0
    prompts still TODO          : 0 of 0
    explain fields to write     : 0
    total _todo entries         : 25

  PER FLOOR
     1. Threshold of Syntax        3 sections   0 practice   0 cases  basics,includes,namespaces,strings
     2. Hall of Branching Paths    4 sections   0 practice   0 cases  booleans,comparisons,if-statements
     3. The Bound Sigil            4 sections   0 practice   0 cases  classes,loops,vector-arrays
     4. Vault of Collections       4 sections   0 practice   0 cases  enums,headers,references,switch
     5. Chamber of Forms           4 sections   0 practice   0 cases  auto,functions,pointers,smart-poin

  wrote content\cpp.json
  wrote syllabi\cpp.md
  next: python scripts/validate_content.py cpp
==================================================================
