importing exercism/java ...

==================================================================
  IMPORT SUMMARY - exercism/java
==================================================================
  network: 0 fetched, 134 from cache
  concept exercises in syllabus : 22
  floors built                  : 7  (exercises per floor: 3, 3, 3, 3, 3, 3, 4)

  IMPORTED
    lesson sections             : 24
    practice challenges         : 0
    test cases                  : 0
    test methods read           : 0 of 0 had usable cases

  NEEDS MANUAL WORK
    exam questions              : 0 imported, 7 floors need 8-12 each
    asserts not parsed          : 0 (left as TODO, never guessed)
    floors under 6 practice     : 7
    floors under 2 sections     : 0
    prompts still TODO          : 0 of 0
    explain fields to write     : 0
    total _todo entries         : 36

  PER FLOOR
     1. Threshold of Syntax        4 sections   0 practice   0 cases  basics,booleans,if-else-statements
     2. Hall of Branching Paths    4 sections   0 practice   0 cases  arrays,for-loops,foreach-loops,gen
     3. The Bound Sigil            3 sections   0 practice   0 cases  classes,exceptions,switch-statemen
     4. Vault of Collections       3 sections   0 practice   0 cases  chars,constructors,interfaces
     5. Chamber of Forms           3 sections   0 practice   0 cases  enums,inheritance,ternary-operator
     6. The Iterating Spiral       3 sections   0 practice   0 cases  datetime,nullability,randomness
     7. Sanctum of Structure       4 sections   0 practice   0 cases  bit-manipulation,maps,method-overl

  wrote content\java.json
  wrote syllabi\java.md
  next: python scripts/validate_content.py java
==================================================================
