importing exercism/python ...

==================================================================
  IMPORT SUMMARY - exercism/python
==================================================================
  network: 0 fetched, 122 from cache
  concept exercises in syllabus : 20
  floors built                  : 7  (exercises per floor: 2, 3, 3, 3, 3, 3, 3)

  IMPORTED
    lesson sections             : 28
    practice challenges         : 106
    test cases                  : 332
    test methods read           : 106 of 153 had usable cases

  NEEDS MANUAL WORK
    exam questions              : 0 imported, 7 floors need 8-12 each
    asserts not parsed          : 50 (left as TODO, never guessed)
    floors under 6 practice     : 0
    floors under 2 sections     : 0
    prompts still TODO          : 0 of 106
    explain fields to write     : 106
    total _todo entries         : 7

  PER FLOOR
     1. Threshold of Syntax        4 sections  16 practice  28 cases  basics,bools
     2. Hall of Branching Paths    4 sections  13 practice  81 cases  comparisons,conditionals,numbers
     3. The Bound Sigil            4 sections  21 practice  65 cases  lists,string-methods,strings
     4. Vault of Collections       4 sections  17 practice  47 cases  list-methods,loops,string-formatti
     5. Chamber of Forms           4 sections  16 practice  58 cases  dict-methods,dicts,tuples
     6. The Iterating Spiral       4 sections   6 practice  26 cases  classes,sets,unpacking-and-multipl
     7. Sanctum of Structure       4 sections  17 practice  27 cases  enums,generators,none

  wrote content\python.json
  wrote syllabi\python.md
  next: python scripts/validate_content.py python
==================================================================
