importing exercism/r ...

==================================================================
  IMPORT SUMMARY - exercism/r
==================================================================
  network: 0 fetched, 122 from cache
  concept exercises in syllabus : 20
  floors built                  : 7  (exercises per floor: 2, 3, 3, 3, 3, 3, 3)

  IMPORTED
    lesson sections             : 28
    practice challenges         : 0
    test cases                  : 0
    test methods read           : 0 of 0 had usable cases

  NEEDS MANUAL WORK
    exam questions              : 0 imported, 7 floors need 8-12 each
    asserts not parsed          : 0 (left as TODO, never guessed)
    floors under 6 practice     : 7
    floors under 2 sections     : 0
    prompts still TODO          : 0 of 0
    explain fields to write     : 0
    total _todo entries         : 34

  PER FLOOR
     1. Threshold of Syntax        4 sections   0 practice   0 cases  basics,booleans
     2. Hall of Branching Paths    4 sections   0 practice   0 cases  conditionals,vector-filtering,vect
     3. The Bound Sigil            4 sections   0 practice   0 cases  set-operations,strings,switch
     4. Vault of Collections       4 sections   0 practice   0 cases  loops,names-attribute,nothingness
     5. Chamber of Forms           4 sections   0 practice   0 cases  functions,lists,vector-functions
     6. The Iterating Spiral       4 sections   0 practice   0 cases  dates-times,errors,functional-prog
     7. Sanctum of Structure       4 sections   0 practice   0 cases  dataframes,randomness,regular-expr

  wrote content\r.json
  wrote syllabi\r.md
  next: python scripts/validate_content.py r
==================================================================
