importing exercism/swift ...

==================================================================
  IMPORT SUMMARY - exercism/swift
==================================================================
  network: 0 fetched, 110 from cache
  concept exercises in syllabus : 18
  floors built                  : 6  (exercises per floor: 3, 3, 3, 3, 3, 3)

  IMPORTED
    lesson sections             : 24
    practice challenges         : 0
    test cases                  : 0
    test methods read           : 0 of 0 had usable cases

  NEEDS MANUAL WORK
    exam questions              : 0 imported, 6 floors need 8-12 each
    asserts not parsed          : 0 (left as TODO, never guessed)
    floors under 6 practice     : 6
    floors under 2 sections     : 0
    prompts still TODO          : 0 of 0
    explain fields to write     : 0
    total _todo entries         : 30

  PER FLOOR
     1. Threshold of Syntax        4 sections   0 practice   0 cases  basics,booleans,numbers
     2. Hall of Branching Paths    4 sections   0 practice   0 cases  arrays,characters-and-strings,cond
     3. The Bound Sigil            4 sections   0 practice   0 cases  for-loops,ranges,tuples
     4. Vault of Collections       4 sections   0 practice   0 cases  conditionals-switch,control-transf
     5. Chamber of Forms           4 sections   0 practice   0 cases  capturing,closures,dictionaries,im
     6. The Iterating Spiral       4 sections   0 practice   0 cases  default-parameters,enumerations,fu

  wrote content\swift.json
  wrote syllabi\swift.md
  next: python scripts/validate_content.py swift
==================================================================
